
> test
> vitest run


 RUN  v4.1.10 C:/repos/assistente-pessoal/.worktrees/text-search

Using secrets defined in .dev.vars
Using secrets defined in .dev.vars
Using secrets defined in .dev.vars
Using secrets defined in .dev.vars
Using secrets defined in .dev.vars
Using secrets defined in .dev.vars
Using secrets defined in .dev.vars
Using secrets defined in .dev.vars
Using secrets defined in .dev.vars
Using secrets defined in .dev.vars
Using secrets defined in .dev.vars
Using secrets defined in .dev.vars
Using secrets defined in .dev.vars
Using secrets defined in .dev.vars
Using secrets defined in .dev.vars
Using secrets defined in .dev.vars
Using secrets defined in .dev.vars
Using secrets defined in .dev.vars
Using secrets defined in .dev.vars
Using secrets defined in .dev.vars
Using secrets defined in .dev.vars
Using secrets defined in .dev.vars
Using secrets defined in .dev.vars
Using secrets defined in .dev.vars
Using secrets defined in .dev.vars
Using secrets defined in .dev.vars
Using secrets defined in .dev.vars
Using secrets defined in .dev.vars
Using secrets defined in .dev.vars
uncaught exception; source = Uncaught (in promise); stack = Error: internal error; reference = sbovhbqb2fgho8kv2tt7qrqc
Using secrets defined in .dev.vars
Using secrets defined in .dev.vars
Using secrets defined in .dev.vars
Using secrets defined in .dev.vars
uncaught exception; source = Uncaught (in promise); stack = Error: internal error; reference = 0vch7r1i904r4rtfj0v5h5f1
uncaught exception; source = Uncaught (in promise); stack = Error: internal error; reference = qgnhd1a83p4fo16f4m0stlcf
Using secrets defined in .dev.vars
Using secrets defined in .dev.vars
Using secrets defined in .dev.vars
Using secrets defined in .dev.vars
Using secrets defined in .dev.vars
Using secrets defined in .dev.vars
Using secrets defined in .dev.vars
Using secrets defined in .dev.vars
Using secrets defined in .dev.vars
Using secrets defined in .dev.vars
Using secrets defined in .dev.vars
console warning; message = Called .text() on an HTTP body which does not appear to be text. The body's Content-Type is "application/x-www-form-urlencoded". The result will probably be corrupted. Consider checking the Content-Type header before interpreting entities as text.
Using secrets defined in .dev.vars
Using secrets defined in .dev.vars
Using secrets defined in .dev.vars
Using secrets defined in .dev.vars
Using secrets defined in .dev.vars
Using secrets defined in .dev.vars
Using secrets defined in .dev.vars
Using secrets defined in .dev.vars
Using secrets defined in .dev.vars
Using secrets defined in .dev.vars
Using secrets defined in .dev.vars
console warning; message = Called .text() on an HTTP body which does not appear to be text. The body's Content-Type is "application/x-www-form-urlencoded". The result will probably be corrupted. Consider checking the Content-Type header before interpreting entities as text.
Using secrets defined in .dev.vars
Using secrets defined in .dev.vars
Using secrets defined in .dev.vars
Using secrets defined in .dev.vars
Using secrets defined in .dev.vars
Using secrets defined in .dev.vars
Using secrets defined in .dev.vars

 Test Files  65 passed (65)
      Tests  991 passed (991)
   Start at  13:32:33
   Duration  32.88s (transform 12.33s, setup 176.27s, import 9.39s, tests 21.20s, environment 8ms)

