
> test
> vitest run


 RUN  v4.1.10 C:/repos/assistente-pessoal/.worktrees/text-search

Using secrets defined in .dev.vars
Using secrets defined in .dev.vars
Using secrets defined in .dev.vars
Using secrets defined in .dev.vars
Using secrets defined in .dev.vars
Using secrets defined in .dev.vars
Using secrets defined in .dev.vars
Using secrets defined in .dev.vars
Using secrets defined in .dev.vars
Using secrets defined in .dev.vars
Using secrets defined in .dev.vars
Using secrets defined in .dev.vars
Using secrets defined in .dev.vars
Using secrets defined in .dev.vars
Using secrets defined in .dev.vars
Using secrets defined in .dev.vars
Using secrets defined in .dev.vars
Using secrets defined in .dev.vars
Using secrets defined in .dev.vars
Using secrets defined in .dev.vars
Using secrets defined in .dev.vars
Using secrets defined in .dev.vars
Using secrets defined in .dev.vars
Using secrets defined in .dev.vars
uncaught exception; source = Uncaught (in promise); stack = Error: internal error; reference = pcagj12ajmmicn69bav1ijlb
Using secrets defined in .dev.vars
Using secrets defined in .dev.vars
Using secrets defined in .dev.vars
Using secrets defined in .dev.vars
Using secrets defined in .dev.vars
Using secrets defined in .dev.vars
Using secrets defined in .dev.vars
Using secrets defined in .dev.vars
uncaught exception; source = Uncaught (in promise); stack = Error: internal error; reference = 8d41jvuptupd8onm6qlaac4j
uncaught exception; source = Uncaught (in promise); stack = Error: internal error; reference = rdf6kmralvn93gsdjla9nv0e
Using secrets defined in .dev.vars
Using secrets defined in .dev.vars
Using secrets defined in .dev.vars
Using secrets defined in .dev.vars
Using secrets defined in .dev.vars
Using secrets defined in .dev.vars
Using secrets defined in .dev.vars
Using secrets defined in .dev.vars
Using secrets defined in .dev.vars
Using secrets defined in .dev.vars
console warning; message = Called .text() on an HTTP body which does not appear to be text. The body's Content-Type is "application/x-www-form-urlencoded". The result will probably be corrupted. Consider checking the Content-Type header before interpreting entities as text.
Using secrets defined in .dev.vars
Using secrets defined in .dev.vars
Using secrets defined in .dev.vars
Using secrets defined in .dev.vars
Using secrets defined in .dev.vars
Using secrets defined in .dev.vars
Using secrets defined in .dev.vars
Using secrets defined in .dev.vars
console warning; message = Called .text() on an HTTP body which does not appear to be text. The body's Content-Type is "application/x-www-form-urlencoded". The result will probably be corrupted. Consider checking the Content-Type header before interpreting entities as text.
Using secrets defined in .dev.vars
Using secrets defined in .dev.vars
Using secrets defined in .dev.vars
Using secrets defined in .dev.vars
Using secrets defined in .dev.vars
Using secrets defined in .dev.vars
Using secrets defined in .dev.vars
Using secrets defined in .dev.vars
Using secrets defined in .dev.vars
Using secrets defined in .dev.vars
Using secrets defined in .dev.vars
Using secrets defined in .dev.vars

 Test Files  65 passed (65)
      Tests  975 passed (975)
   Start at  19:51:24
   Duration  38.21s (transform 13.74s, setup 208.02s, import 8.94s, tests 24.08s, environment 12ms)

